---
source: lib/pinga-core/src/api_types/job_execution_response.rs
description: "\n\n!!!\n!!! System Initiative Developers:\n!!!\n!!! IMPORTANT:\n!!!\n!!!     The contents of this snapshot should *never* be modified as it\n!!!     represents the serialization of a versioned Rust type. If a tests fails\n!!!     with this warning, then something about a Rust type has changed\n!!!     the wire serialization of this type and would represent a potential\n!!!     production outage or data corruption.\n!!!\n!!!     Consider this an erroneous behavioral change of the Rust code and *not*\n!!!     an out-of-date snapshot or fixture!\n!!!\n\n\n"
---
{
  "id": "01JVWW3987YMPQP4P4TF0AJGTW",
  "workspaceId": "01JVWW42D20TT4W6E12EX2HZHF",
  "changeSetId": "01JVWW4VJTSE7KW5PAC1NDHGNC",
  "result": "Ok"
}
